Turbo Assembler	 Version 4.1	    03/16/26 18:53:51	    Page 1
resident.asm



      1	0000			     .model tiny
      2	0000			     .code
      3				     org 100h
      4
      5	      =B800		     VIDEOSEG	     equ 0b800h
      6	      =02C0		     FRAME_ADDR	     equ 80h*5 + 40h
      7	      =0070		     SYMB_COLOR	     equ 070h			     ;=	black on white
      8	      =000F		     SCAN_CODE	     equ 00Fh			     ;=	tab
      9	      =00A0		     NEIGHB_BY_VERT  equ 0A0h
     10	      =0009		     FRAME_WIDTH     equ 009h
     11
     12	      =00CD		     HOR_BRDR	     equ 0CDh
     13	      =00BA		     VER_BRDR	     equ 0BAh
     14	      =00C9		     TL_BRDR	     equ 0C9h
     15	      =00BB		     TR_BRDR	     equ 0BBh
     16	      =00C8		     BL_BRDR	     equ 0C8h
     17	      =00BC		     BR_BRDR	     equ 0BCh
     18	      =0020		     SPACE	     equ 020h
     19
     20	0100			     Start:
     21	0100  B8 3509			     mov ax, 3509h			     ;es:bx = address of int handler
     22	0103  CD 21			     int 21h
     23
     24	0105  89 1E 01C1r		     mov OldOffset, bx
     25	0109  8C 06 01C3r		     mov OldSegment, es			     ;save es:bx as variables
     26
     27	010D  50 55 8B EC C7 46	02+	     push 0
     28	      0000 5D
     29	0117  07			     pop es					     ;es = 0
     30
     31	0118  FA			     cli								     ;disables	    +
     32				     maskable interrupts
     33	0119  BB 0024			     mov bx, 09h * 4					     ;	     to	forbid
     34	011C  26: C7 07	013Cr		     mov es:[bx], offset DoUntilEscape	     ;pass control to another handler
     35
     36	0121  8C C8			     mov ax, cs
     37	0123  26: 89 47	02		     mov es:[bx+2], ax
     38	0127  FB			     sti								     ;enable	    +
     39				     maskable interrupts
     40
     41	0128  B8 3100			     mov ax, 3100h			     ;end the program with leaving
     42												     ;	     memory size to keep    +
     43				     resident
     44
     45	012B  BA 0358r			     mov dx, offset EndOfProgram     ;dx shows the size	of resident mem
     46	012E  D1 EA D1 EA D1 EA	D1+	     shr dx, 4					     ;dividing by paragraphs
     47	      EA
     48	0136  42			     inc dx					     ;	     with rounding up
     49	0137  83 C2 10			     add dx, 10h
     50
     51	013A  CD 21			     int 21h
     52
     53	013C			     DoUntilEscape   proc
     54	013C  2E: A3 02FCr		     mov cs:[reg_arr + 0], ax	     ;check what if mov	reg_arr[2k], ax
     55	0140  2E: 89 1E	02FEr		     mov cs:[reg_arr + 2], bx
     56	0145  2E: 89 0E	0300r		     mov cs:[reg_arr + 4], cx
     57	014A  2E: 89 16	0302r		     mov cs:[reg_arr + 6], dx
Turbo Assembler	 Version 4.1	    03/16/26 18:53:51	    Page 2
resident.asm



     58	014F  2E: 89 36	0304r		     mov cs:[reg_arr + 8], si
     59	0154  2E: 89 3E	0306r		     mov cs:[reg_arr + 10], di
     60	0159  2E: 89 2E	0308r		     mov cs:[reg_arr + 12], bp
     61	015E  2E: 89 26	030Ar		     mov cs:[reg_arr + 14], sp
     62	0163  2E: 8C 1E	030Cr		     mov cs:[reg_arr + 16], ds
     63	0168  2E: 8C 06	030Er		     mov cs:[reg_arr + 18], es
     64	016D  2E: 8C 16	0310r		     mov cs:[reg_arr + 20], ss
     65				     ;	     mov cs:[reg_arr + 22], cs
     66				     ;	     mov cs:[reg_arr + 24], ip	     ;//TODO idea to add flags
     67
     68
     69	0172  B8 B800			     mov ax, VIDEOSEG
     70	0175  8E C0			     mov es, ax
     71	0177  BB 02C0			     mov bx, FRAME_ADDR			     ;set address to start printing
     72
     73	017A  E4 60			     in	al, 60h
     74
     75	017C  3C 0F			     cmp al, SCAN_CODE
     76	017E  75 08			     jne skip_printing
     77
     78	0180  B4 70			     mov ah, SYMB_COLOR
     79	0182  E8 012E			     call PrintFrame
     80	0185  E8 003D			     call PrintAllRegs			     ;printing regs value
     81
     82	0188			     skip_printing:
     83	0188  0C 80			     or	al, 80h
     84	018A  E6 61			     out 61h, al
     85	018C  24 7F			     and al, not 80h			     ;"blink" by 7th bit of 61th port
     86	018E  E6 61			     out 61h, al				     ;	     to	enable/disable keyboard
     87
     88	0190  B0 20			     mov al, 20h
     89	0192  E6 20			     out 20h, al				     ;out to Interrupt controller
     90
     91	0194  2E: A1 02FCr		     mov ax, cs:[reg_arr + 0]
     92	0198  2E: 8B 1E	02FEr		     mov bx, cs:[reg_arr + 2]
     93	019D  2E: 8B 0E	0300r		     mov cx, cs:[reg_arr + 4]
     94	01A2  2E: 8B 16	0302r		     mov dx, cs:[reg_arr + 6]
     95	01A7  2E: 8B 36	0304r		     mov si, cs:[reg_arr + 8]
     96	01AC  2E: 8B 3E	0306r		     mov di, cs:[reg_arr + 10]
     97	01B1  2E: 8B 2E	0308r		     mov bp, cs:[reg_arr + 12]
     98				     ;	     mov sp, cs:[reg_arr + 14]
     99	01B6  2E: 8E 1E	030Cr		     mov ds, cs:[reg_arr + 16]
    100	01BB  2E: 8E 06	030Er		     mov es, cs:[reg_arr + 18]
    101				     ;	     mov ss, cs:[reg_arr + 20]
    102
    103	01C0  EA			     db	0eah					     ; = jump far
    104	01C1  0000			     OldOffset dw 0			     ;	     on	this offset
    105	01C3  0000			     OldSegment	dw 0			     ;	     of	this segment
    106
    107				     ;___________________________________________________________________________;
    108
    109				     ;__PRINTALLREGS__
    110				     ;Printing values of all registers
    111				     ;Entry: all registers
    112				     ;Exit: -
    113				     ;Destr: -
    114				     ;___________________________________________________________________________;
Turbo Assembler	 Version 4.1	    03/16/26 18:53:51	    Page 3
resident.asm



    115	01C5			     PrintAllRegs	     proc
    116	01C5  2E: A1 02FCr		     mov ax, cs:[reg_arr + 0]
    117	01C9  BF 02C0			     mov di, FRAME_ADDR
    118	01CC  33 DB			     xor bx, bx
    119	01CE  E8 009B			     call PrintReg			     ;printing ax
    120
    121	01D1  2E: A1 02FEr		     mov ax, cs:[reg_arr + 2]
    122	01D5  81 C7 00A0		     add di, NEIGHB_BY_VERT
    123	01D9  83 C3 05			     add bx, 5
    124	01DC  E8 008D			     call PrintReg			     ;printing bx
    125
    126	01DF  2E: A1 0300r		     mov ax, cs:[reg_arr + 4]
    127	01E3  81 C7 00A0		     add di, NEIGHB_BY_VERT
    128	01E7  83 C3 05			     add bx, 5
    129	01EA  E8 007F			     call PrintReg			     ;printing cx
    130
    131	01ED  2E: A1 0302r		     mov ax, cs:[reg_arr + 6]
    132	01F1  81 C7 00A0		     add di, NEIGHB_BY_VERT
    133	01F5  83 C3 05			     add bx, 5
    134	01F8  E8 0071			     call PrintReg			     ;printing dx
    135
    136	01FB  2E: A1 0304r		     mov ax, cs:[reg_arr + 8]
    137	01FF  81 C7 00A0		     add di, NEIGHB_BY_VERT
    138	0203  83 C3 05			     add bx, 5
    139	0206  E8 0063			     call PrintReg			     ;printing si
    140
    141	0209  2E: A1 0306r		     mov ax, cs:[reg_arr + 10]
    142	020D  81 C7 00A0		     add di, NEIGHB_BY_VERT
    143	0211  83 C3 05			     add bx, 5
    144	0214  E8 0055			     call PrintReg			     ;printing di
    145
    146	0217  2E: A1 0308r		     mov ax, cs:[reg_arr + 12]
    147	021B  81 C7 00A0		     add di, NEIGHB_BY_VERT
    148	021F  83 C3 05			     add bx, 5
    149	0222  E8 0047			     call PrintReg			     ;printing bp
    150
    151	0225  2E: A1 030Ar		     mov ax, cs:[reg_arr + 14]
    152	0229  81 C7 00A0		     add di, NEIGHB_BY_VERT
    153	022D  83 C3 05			     add bx, 5
    154	0230  E8 0039			     call PrintReg			     ;printing sp
    155
    156	0233  2E: A1 030Cr		     mov ax, cs:[reg_arr + 16]
    157	0237  81 C7 00A0		     add di, NEIGHB_BY_VERT
    158	023B  83 C3 05			     add bx, 5
    159	023E  E8 002B			     call PrintReg			     ;printing ds
    160
    161	0241  2E: A1 030Er		     mov ax, cs:[reg_arr + 18]
    162	0245  81 C7 00A0		     add di, NEIGHB_BY_VERT
    163	0249  83 C3 05			     add bx, 5
    164	024C  E8 001D			     call PrintReg			     ;printing es
    165
    166	024F  2E: A1 0310r		     mov ax, cs:[reg_arr + 20]
    167	0253  81 C7 00A0		     add di, NEIGHB_BY_VERT
    168	0257  83 C3 05			     add bx, 5
    169	025A  E8 000F			     call PrintReg			     ;printing ss
    170
    171	025D  2E: A1 02FCr		     mov ax, cs:[reg_arr + 0]	     ;recover ax
Turbo Assembler	 Version 4.1	    03/16/26 18:53:51	    Page 4
resident.asm



    172	0261  2E: 8B 1E	02FEr		     mov bx, cs:[reg_arr + 2]	     ;recover bx
    173	0266  2E: 8B 3E	0306r		     mov di, cs:[reg_arr + 10]	     ;recover di
    174
    175	026B  C3			     ret
    176	026C				     endp
    177				     ;___________________________________________________________________________;
    178
    179				     ;__PRINTREG__
    180				     ;The function is printing actual value of register, that stored in	AX.
    181				     ;Its printing at es:[di].
    182				     ;Entry: AX, BX, CX
    183				     ;Exit: -
    184				     ;Destr: -
    185				     ;___________________________________________________________________________;
    186	026C			     PrintReg		     proc
    187	026C  50 53 51 52 57		     push ax bx	cx dx di
    188
    189	0271  50			     push ax
    190	0272  B9 0004			     mov cx, 4				     ;len("ax =	")
    191	0275  B4 70			     mov ah, SYMB_COLOR
    192	0277			     print_phrase:
    193	0277  2E: 8A 87	0321r		     mov al, cs:[reg_phrase + bx]
    194	027C  AB			     stosw
    195	027D  43			     inc bx
    196	027E  E2 F7			     loop print_phrase
    197	0280  58			     pop ax
    198
    199	0281  B9 0004			     mov cx, 4h				     ;cycle counter = count of regs digits
    200	0284  BB 0010			     mov bx, 10h			     ;bx keeps divider
    201	0287  83 C7 08			     add di, 2*4h		     ;address to print from right to left
    202
    203	028A			     printing_reg_val:
    204	028A  33 D2			     xor dx, dx
    205	028C  F7 F3			     div bx				     ;quotient ax (remainder dx)
    206
    207	028E  50			     push ax
    208	028F  8B C2			     mov ax, dx
    209	0291  3D 0009			     cmp ax, 09h
    210	0294  77 06			     ja	parse_letter
    211	0296  05 0030			     add ax, "0"
    212	0299  EB 07 90			     jmp go_next
    213
    214	029C			     parse_letter:
    215	029C  05 0041			     add ax, "A"
    216	029F  2D 000A			     sub ax, 0Ah
    217
    218	02A2			     go_next:
    219	02A2  B4 70			     mov ah, SYMB_COLOR
    220	02A4  26: 89 05			     mov es:[di], ax
    221	02A7  83 EF 02			     sub di, 2
    222	02AA  58			     pop ax
    223
    224	02AB  E2 DD			     loop printing_reg_val
    225
    226	02AD  5F 5A 59 5B 58		     pop di dx cx bx ax
    227
    228	02B2  C3			     ret
Turbo Assembler	 Version 4.1	    03/16/26 18:53:51	    Page 5
resident.asm



    229	02B3				     endp
    230				     ;___________________________________________________________________________;
    231
    232				     ;__PRINTFRAME__
    233				     ;Printing frame with special color	and with given size relative to	sentence
    234				     ;Entry: AH	- color	of symbols
    235				     ;Destr: AL, BX, CX, DX, DI
    236				     ;___________________________________________________________________________;
    237	02B3			     PrintFrame		     proc
    238	02B3  BF 02C0			     mov di, FRAME_ADDR
    239	02B6  81 EF 00A0		     sub di, NEIGHB_BY_VERT  ;di = address to print (for stosw)
    240
    241	02BA  B9 000D			     mov cx, 13				     ;same as count of regs
    242
    243	02BD			     build_frame:
    244	02BD  83 F9 0D			     cmp cx, 13
    245	02C0  75 06			     jne not_upper_border
    246	02C2  BB 0000			     mov bx, 0
    247	02C5  EB 0F 90			     jmp do_next
    248	02C8			     not_upper_border:
    249
    250	02C8  83 F9 01			     cmp cx, 1
    251	02CB  75 06			     jne not_lower_border
    252	02CD  BB 0006			     mov bx, 6
    253	02D0  EB 04 90			     jmp do_next
    254	02D3			     not_lower_border:
    255
    256	02D3  BB 0003			     mov bx, 3
    257	02D6			     do_next:					     ;to read symbols from array
    258
    259	02D6  2E: 8A 87	0318r		     mov al, cs:[frame_symb + bx]
    260	02DB  26: 89 45	FE		     mov es:[di-2], ax		     ;printing the edge	of string
    261
    262	02DF  2E: 8A 87	0319r		     mov al, cs:[frame_symb + bx + 1]
    263	02E4  51			     push cx				     ;save cx value for	double cycle
    264	02E5  B1 09			     mov cl, FRAME_WIDTH
    265	02E7  F3> AB			     REP STOSW				     ;printing the center of string
    266	02E9  59			     pop cx
    267
    268	02EA  2E: 8A 87	031Ar		     mov al, cs:[frame_symb + bx + 2]
    269	02EF  26: 89 05			     mov es:[di], ax		     ;printing the edge	of string
    270
    271	02F2  81 C7 00A0		     add di, NEIGHB_BY_VERT
    272	02F6  83 EF 12			     sub di, 2 * FRAME_WIDTH ;addressing to the	start of next string
    273
    274	02F9  E2 C2			     loop build_frame
    275
    276	02FB  C3			     ret
    277	02FC				     endp
    278				     ;___________________________________________________________________________;
    279	02FC				     endp	     ;DoUntilProc
    280
    281	02FC  0E*(0000)		     reg_arr dw	14 dup(0)
    282	0318  C9 CD BB BA 20 BA	C8+  frame_symb	db   TL_BRDR, HOR_BRDR,	TR_BRDR, \
    283	      CD BC						     VER_BRDR, SPACE, VER_BRDR,	\
    284								     BL_BRDR, HOR_BRDR,	BR_BRDR
    285	0321  61 78 20 3D 20 62	78+  reg_phrase	db   'ax = bx =	cx = dx	= si = di = ', \
Turbo Assembler	 Version 4.1	    03/16/26 18:53:51	    Page 6
resident.asm



    286	      20 3D 20 63 78 20	3D+				     'bp = sp =	ds = es	= ss = '
    287	      20 64 78 20 3D 20	73+
    288	      69 20 3D 20 64 69	20+
    289	      3D 20 62 70 20 3D	20+
    290	      73 70 20 3D 20 64	73+
    291	      20 3D 20 65 73 20	3D+
    292	      20 73 73 20 3D 20
    293
    294	0358			     EndOfProgram:
    295
    296				     end     Start
Turbo Assembler	 Version 4.1	    03/16/26 18:53:51	    Page 7
Symbol Table




Symbol Name			  Type	 Value

??DATE				  Text	 "03/16/26"
??FILENAME			  Text	 "resident"
??TIME				  Text	 "18:53:51"
??VERSION			  Number 040A
@32BIT				  Text	 0
@CODE				  Text	 DGROUP
@CODESIZE			  Text	 0
@CPU				  Text	 0101H
@CURSEG				  Text	 _TEXT
@DATA				  Text	 DGROUP
@DATASIZE			  Text	 0
@FILENAME			  Text	 RESIDENT
@INTERFACE			  Text	 000H
@MODEL				  Text	 1
@STACK				  Text	 DGROUP
@WORDSIZE			  Text	 2
BL_BRDR				  Number 00C8
BR_BRDR				  Number 00BC
BUILD_FRAME			  Near	 DGROUP:02BD
DOUNTILESCAPE			  Near	 DGROUP:013C
DO_NEXT				  Near	 DGROUP:02D6
ENDOFPROGRAM			  Near	 DGROUP:0358
FRAME_ADDR			  Number 02C0
FRAME_SYMB			  Byte	 DGROUP:0318
FRAME_WIDTH			  Number 0009
GO_NEXT				  Near	 DGROUP:02A2
HOR_BRDR			  Number 00CD
NEIGHB_BY_VERT			  Number 00A0
NOT_LOWER_BORDER		  Near	 DGROUP:02D3
NOT_UPPER_BORDER		  Near	 DGROUP:02C8
OLDOFFSET			  Word	 DGROUP:01C1
OLDSEGMENT			  Word	 DGROUP:01C3
PARSE_LETTER			  Near	 DGROUP:029C
PRINTALLREGS			  Near	 DGROUP:01C5
PRINTFRAME			  Near	 DGROUP:02B3
PRINTING_REG_VAL		  Near	 DGROUP:028A
PRINTREG			  Near	 DGROUP:026C
PRINT_PHRASE			  Near	 DGROUP:0277
REG_ARR				  Word	 DGROUP:02FC
REG_PHRASE			  Byte	 DGROUP:0321
SCAN_CODE			  Number 000F
SKIP_PRINTING			  Near	 DGROUP:0188
SPACE				  Number 0020
START				  Near	 DGROUP:0100
SYMB_COLOR			  Number 0070
TL_BRDR				  Number 00C9
TR_BRDR				  Number 00BB
VER_BRDR			  Number 00BA
VIDEOSEG			  Number B800
Turbo Assembler	 Version 4.1	    03/16/26 18:53:51	    Page 8
Symbol Table




Groups & Segments		  Bit Size Align  Combine Class

DGROUP				  Group
  _DATA				  16  0000 Word	  Public  DATA
  _TEXT				  16  0358 Word	  Public  CODE
