Turbo Assembler	 Version 4.1	    03/16/26 08:58:48	    Page 1
resident.asm



      1	0000			     .model tiny
      2	0000			     .code
      3				     org 100h
      4
      5	      =B800		     VIDEOSEG	     equ 0b800h
      6	      =0370		     REL_ADDR	     equ 160*5 + 80
      7	      =0070		     SYMB_COLOR	     equ 70h			     ;=	black on white
      8	      =000F		     SCAN_CODE	     equ 0fh			     ;=	tab
      9
     10	0100			     Start:
     11	0100  B8 3509			     mov ax, 3509h			     ;es:bx = address of int handler
     12	0103  CD 21			     int 21h
     13
     14	0105  89 1E 01C5r		     mov OldOffset, bx
     15	0109  8C C3			     mov bx, es
     16	010B  89 1E 01C7r		     mov OldSegment, bx			     ;save es:bx as variables
     17
     18	010F  50 55 8B EC C7 46	02+	     push 0
     19	      0000 5D
     20	0119  07			     pop es					     ;es = 0
     21
     22	011A  FA			     cli								     ;disables	    +
     23				     maskable interrupts
     24	011B  BB 0024			     mov bx, 09h * 4					     ;	     to	forbid
     25	011E  26: C7 07	013Br		     mov es:[bx], offset DoUntilEscape	     ;pass control to another handler
     26
     27	0123  8C C8			     mov ax, cs
     28	0125  26: 89 47	02		     mov es:[bx+2], ax
     29	0129  FB			     sti								     ;enable	    +
     30				     maskable interrupts
     31
     32	012A  B8 3100			     mov ax, 3100h			     ;end the program with leaving
     33												     ;	     memory size to keep    +
     34				     resident
     35
     36	012D  BA 0267r			     mov dx, offset EndOfProgram     ;dx shows the size	of resident mem
     37	0130  D1 EA D1 EA D1 EA	D1+	     shr dx, 4					     ;dividing by paragraphs
     38	      EA
     39	0138  42			     inc dx					     ;	     with rounding up
     40
     41	0139  CD 21			     int 21h
     42
     43	013B			     DoUntilEscape   proc
     44	013B  2E: A3 024Br		     mov cs:[reg_arr + 0], ax	     ;check what if mov	reg_arr[2k], ax
     45	013F  2E: 89 1E	024Dr		     mov cs:[reg_arr + 2], bx
     46	0144  2E: 89 0E	024Fr		     mov cs:[reg_arr + 4], cx
     47	0149  2E: 89 16	0251r		     mov cs:[reg_arr + 6], dx
     48	014E  2E: 89 36	0253r		     mov cs:[reg_arr + 8], si
     49	0153  2E: 89 3E	0255r		     mov cs:[reg_arr + 10], di
     50	0158  2E: 89 2E	0257r		     mov cs:[reg_arr + 12], bp
     51	015D  2E: 89 26	0259r		     mov cs:[reg_arr + 14], sp
     52	0162  2E: 8C 1E	025Br		     mov cs:[reg_arr + 16], ds
     53	0167  2E: 8C 06	025Dr		     mov cs:[reg_arr + 18], es
     54	016C  2E: 8C 16	025Fr		     mov cs:[reg_arr + 20], ss
     55				     ;	     mov cs:[reg_arr + 22], cs
     56				     ;	     mov cs:[reg_arr + 24], ip	     ;//TODO idea to add flags
     57
Turbo Assembler	 Version 4.1	    03/16/26 08:58:48	    Page 2
resident.asm



     58	0171  B8 B800			     mov ax, VIDEOSEG
     59	0174  8E C0			     mov es, ax
     60	0176  BB 0370			     mov bx, REL_ADDR			     ;set address to start printing
     61
     62	0179  E4 60			     in	al, 60h
     63
     64	017B  3C 0F			     cmp al, SCAN_CODE
     65	017D  75 03			     jne skip_printing
     66	017F  E8 0047			     call PrintRegs			     ;printing regs value
     67
     68	0182			     skip_printing:
     69	0182  0C 80			     or	al, 80h
     70	0184  E6 61			     out 61h, al
     71	0186  24 7F			     and al, not 80h			     ;"blink" by 7th bit of 61th port
     72	0188  E6 61			     out 61h, al				     ;	     to	enable/disable keyboard
     73
     74	018A  B0 20			     mov al, 20h
     75	018C  E6 20			     out 20h, al				     ;out to Interrupt controller
     76
     77	018E  2E: A1 024Br		     mov ax, cs:[reg_arr + 0]
     78	0192  2E: 8B 1E	024Dr		     mov bx, cs:[reg_arr + 2]
     79	0197  2E: 8B 0E	024Fr		     mov cx, cs:[reg_arr + 4]
     80	019C  2E: 8B 16	0251r		     mov dx, cs:[reg_arr + 6]
     81	01A1  2E: 8B 36	0253r		     mov si, cs:[reg_arr + 8]
     82	01A6  2E: 8B 3E	0255r		     mov di, cs:[reg_arr + 10]
     83	01AB  2E: 8B 2E	0257r		     mov bp, cs:[reg_arr + 12]
     84	01B0  2E: 8B 26	0259r		     mov sp, cs:[reg_arr + 14]
     85	01B5  2E: 8E 1E	025Br		     mov ds, cs:[reg_arr + 16]
     86	01BA  2E: 8E 06	025Dr		     mov es, cs:[reg_arr + 18]
     87	01BF  2E: 8E 16	025Fr		     mov ss, cs:[reg_arr + 20]
     88
     89	01C4  EA			     db	0eah					     ; = jump far
     90	01C5  0000			     OldOffset dw 0			     ;	     on	this offset
     91	01C7  0000			     OldSegment	dw 0			     ;	     of	this segment
     92
     93				     ;_____________________________________________________________
     94
     95				     ;__PRINTREGS__
     96				     ;Printing values of all registers
     97				     ;Entry: all registers
     98				     ;Exit: -
     99				     ;Destr: -
    100				     ;_____________________________________________________________
    101	01C9			     PrintRegs		     proc
    102					     ;call BuildFrame
    103
    104	01C9  2E: A1 024Br		     mov ax, cs:[reg_arr + 0]
    105	01CD  83 C3 00			     add bx, 00h
    106	01D0  E8 0041			     call PrintRegVal			     ;printing ax
    107
    108	01D3  2E: A1 024Dr		     mov ax, cs:[reg_arr + 2]
    109	01D7  81 C3 00A0		     add bx, 0A0h
    110	01DB  E8 0036			     call PrintRegVal			     ;printing bx
    111
    112	01DE  2E: A1 024Fr		     mov ax, cs:[reg_arr + 4]
    113	01E2  81 C3 00A0		     add bx, 0A0h
    114	01E6  E8 002B			     call PrintRegVal			     ;printing cx
Turbo Assembler	 Version 4.1	    03/16/26 08:58:48	    Page 3
resident.asm



    115
    116	01E9  2E: A1 0251r		     mov ax, cs:[reg_arr + 6]
    117	01ED  81 C3 00A0		     add bx, 0A0h
    118	01F1  E8 0020			     call PrintRegVal			     ;printing dx
    119
    120	01F4  2E: A1 0253r		     mov ax, cs:[reg_arr + 8]
    121	01F8  81 C3 00A0		     add bx, 0A0h
    122	01FC  E8 0015			     call PrintRegVal			     ;printing si
    123
    124	01FF  2E: A1 0255r		     mov ax, cs:[reg_arr + 10]
    125	0203  81 C3 00A0		     add bx, 0A0h
    126	0207  E8 000A			     call PrintRegVal			     ;printing di
    127
    128	020A  2E: A1 024Br		     mov ax, cs:[reg_arr + 0]	     ;recover ax
    129	020E  2E: 8B 1E	024Dr		     mov bx, cs:[reg_arr + 2]	     ;recover bx
    130
    131	0213  C3			     ret
    132	0214				     endp
    133				     ;_____________________________________________________________
    134
    135				     ;__PRINTREGVAL__
    136				     ;The function is printing actual value of register, that stored in	AX.
    137				     ;Its printing at es:[bx].
    138				     ;Entry: AX
    139				     ;Exit: -
    140				     ;Destr: -
    141				     ;_____________________________________________________________
    142	0214			     PrintRegVal	     proc
    143	0214  50 53 51 52 57		     push ax bx	cx dx di
    144	0219  B9 0004			     mov cx, 4h				     ;cycle counter = count of regs digits
    145	021C  BF 0010			     mov di, 10h			     ;di keeps divider
    146	021F  83 C3 08			     add bx, 2*4h		     ;address to print from right to left
    147
    148	0222			     printing_reg_val:
    149	0222  33 D2			     xor dx, dx
    150	0224  F7 F7			     div di				     ;quotient ax (remainder dx)
    151
    152	0226  50			     push ax
    153	0227  8B C2			     mov ax, dx
    154	0229  3D 0009			     cmp ax, 09h
    155	022C  77 06			     ja	parse_letter
    156	022E  05 0030			     add ax, "0"
    157	0231  EB 07 90			     jmp go_next
    158
    159	0234			     parse_letter:
    160	0234  05 0041			     add ax, "A"
    161	0237  2D 000A			     sub ax, 0Ah
    162
    163	023A			     go_next:
    164	023A  B4 70			     mov ah, SYMB_COLOR
    165	023C  26: 89 07			     mov es:[bx], ax
    166	023F  83 EB 02			     sub bx, 2
    167	0242  58			     pop ax
    168
    169	0243  E2 DD			     loop printing_reg_val
    170
    171	0245  5F 5A 59 5B 58		     pop di dx cx bx ax
Turbo Assembler	 Version 4.1	    03/16/26 08:58:48	    Page 4
resident.asm



    172
    173	024A  C3			     ret
    174	024B				     endp
    175				     ;_____________________________________________________________
    176	024B				     endp	     ;DoUntilProc
    177
    178	024B  0E*(0000)		     reg_arr dw	14 dup(0)
    179
    180	0267			     EndOfProgram:
    181
    182				     end     Start
Turbo Assembler	 Version 4.1	    03/16/26 08:58:48	    Page 5
Symbol Table




Symbol Name			  Type	 Value

??DATE				  Text	 "03/16/26"
??FILENAME			  Text	 "resident"
??TIME				  Text	 "08:58:48"
??VERSION			  Number 040A
@32BIT				  Text	 0
@CODE				  Text	 DGROUP
@CODESIZE			  Text	 0
@CPU				  Text	 0101H
@CURSEG				  Text	 _TEXT
@DATA				  Text	 DGROUP
@DATASIZE			  Text	 0
@FILENAME			  Text	 RESIDENT
@INTERFACE			  Text	 000H
@MODEL				  Text	 1
@STACK				  Text	 DGROUP
@WORDSIZE			  Text	 2
DOUNTILESCAPE			  Near	 DGROUP:013B
ENDOFPROGRAM			  Near	 DGROUP:0267
GO_NEXT				  Near	 DGROUP:023A
OLDOFFSET			  Word	 DGROUP:01C5
OLDSEGMENT			  Word	 DGROUP:01C7
PARSE_LETTER			  Near	 DGROUP:0234
PRINTING_REG_VAL		  Near	 DGROUP:0222
PRINTREGS			  Near	 DGROUP:01C9
PRINTREGVAL			  Near	 DGROUP:0214
REG_ARR				  Word	 DGROUP:024B
REL_ADDR			  Number 0370
SCAN_CODE			  Number 000F
SKIP_PRINTING			  Near	 DGROUP:0182
START				  Near	 DGROUP:0100
SYMB_COLOR			  Number 0070
VIDEOSEG			  Number B800

Groups & Segments		  Bit Size Align  Combine Class

DGROUP				  Group
  _DATA				  16  0000 Word	  Public  DATA
  _TEXT				  16  0267 Word	  Public  CODE
